// Jest Snapshot v1, https://goo.gl/fbAQLP

exports[`With active item is rendered correctly 1`] = `<div />`;
